// Jest Snapshot v1, https://goo.gl/fbAQLP

exports[`Counter component: Counter component should correspond to its snapshot counterpart 1`] = `[Function]`;
